服务器型号
dmidecode|grep "System Information" -A9|egrep  "Manufacturer|Product"
-------------------------------------------------------------------
        Manufacturer: Alibaba Cloud
        Product Name: Alibaba Cloud ECS
-------------------------------------------------------------------

操作系统信息
cat /etc/redhat-release
-------------------------------------------------------------------
CentOS Linux release 7.4.1708 (Core)
-------------------------------------------------------------------
cat /proc/version
-------------------------------------------------------------------
Linux version 4.4.0-116-generic (buildd@lgw01-amd64-021) (gcc version 5.4.0 20160609 (Ubuntu 5.4.0-6ubuntu1~16.04.9) ) #140-Ubuntu SMP Mon Feb 12 21:23:04 UTC 2018
-------------------------------------------------------------------

CPU统计信息
lscpu
-------------------------------------------------------------------
Architecture:          x86_64
CPU op-mode(s):        32-bit, 64-bit
Byte Order:            Little Endian
CPU(s):                16
-------------------------------------------------------------------

CPU型号
cat /proc/cpuinfo | grep name | cut -f2 -d: | uniq -c
-------------------------------------------------------------------
16  Intel(R) Xeon(R) Platinum 8163 CPU @ 2.50GHz
-------------------------------------------------------------------

内存
free -g
-------------------------------------------------------------------
              total        used        free      shared  buff/cache   available
Mem:             31           0          30           0           0          30
Swap:             0           0           0
-------------------------------------------------------------------

查看硬盘和分区的详细信息
fdisk -l
-------------------------------------------------------------------
Disk /dev/vda: 42.9 GB, 42949672960 bytes, 83886080 sectors
Units = sectors of 1 * 512 = 512 bytes
Sector size (logical/physical): 512 bytes / 512 bytes
I/O size (minimum/optimal): 512 bytes / 512 bytes
Disk label type: dos
Disk identifier: 0x0008d73a

   Device Boot      Start         End      Blocks   Id  System
/dev/vda1   *        2048    83884031    41940992   83  Linux

Disk /dev/vdb: 1099.5 GB, 1099511627776 bytes, 2147483648 sectors
Units = sectors of 1 * 512 = 512 bytes
Sector size (logical/physical): 512 bytes / 512 bytes
I/O size (minimum/optimal): 512 bytes / 512 bytes
-------------------------------------------------------------------

挂载硬盘
sudo fdisk -ls           #查看硬盘信息
mkdir /root/mnt          #创建挂载目录
sudo mkfs.ext3 /dev/vdb  #硬盘格式化
mount /dev/vdb mnt       #挂载硬盘
vim /etc/fstab           #将分区信息写到/etc/fstab文件中让它永久挂载（/dev/vdb  /root/mnt ext3 defaults  0  0）
reboot
